Microchip MPLAB XC8 Compiler V2.36

Linker command line:

-W-3 --edf=C:\Program Files\Microchip\xc8\v2.36\pic\dat\en_msgs.txt -cn \
  -h+dist/default/production\Lider_Cv1.0.production.sym \
  --cmf=dist/default/production\Lider_Cv1.0.production.cmf -z -Q16F886 \
  -oC:\Users\EMARTI~1\AppData\Local\Temp\xcAsb40.5 --defsym=__MPLAB_BUILD=1 \
  -Mdist/default/production/Lider_Cv1.0.production.map \
  --md=C:\Users\EMARTI~1\AppData\Local\Temp\xcAsb40.dat -E1 \
  -ver=XC8 Compiler --acfsm=1493 -ACODE=00h-07FFhx4 -ASTRCODE=00h-01FFFh \
  -ASTRING=00h-0FFhx32 -ACONST=00h-0FFhx32 -AENTRY=00h-0FFhx32 \
  -ACOMMON=070h-07Fh -ABANK0=020h-06Fh -ABANK1=0A0h-0EFh \
  -ABANK2=0110h-016Fh -ABANK3=0190h-01EFh \
  -ARAM=020h-06Fh,0A0h-0EFh,0110h-016Fh,0190h-01EFh \
  -AABS1=020h-07Fh,0A0h-0EFh,0110h-016Fh,0190h-01EFh -ASFR0=00h-01Fh \
  -ASFR1=080h-09Fh -ASFR2=0100h-010Fh -ASFR3=0180h-018Fh \
  -ACONFIG=02007h-02008h -DCONFIG=2 -AIDLOC=02000h-02003h -DIDLOC=2 \
  -AEEDATA=00h-0FFh/02100h -peeprom_data=EEDATA -DEEDATA=2 -DCODE=2 \
  -DSTRCODE=2 -DSTRING=2 -DCONST=2 -DENTRY=2 \
  -preset_vec=00h,intentry,init,end_init -ppowerup=CODE -pcinit=CODE \
  -pfunctab=ENTRY -k C:\Users\EMARTI~1\AppData\Local\Temp\xcAsb40.o \
  dist/default/production\Lider_Cv1.0.production.o 

Object code version is 3.11

Machine type is 16F886



                Name                               Link     Load   Length Selector   Space Scale
C:\Users\EMARTI~1\AppData\Local\Temp\xcAsb40.o
                end_init                              0        0        3        0       0
                config                             2007     2007        2        0       4
                idloc                              2000     2000        4        0       5
dist/default/production\Lider_Cv1.0.production.o
                cinit                               7FC      7FC        4      FF8       0
                config                             2007     2007        2        0       4
                idloc                              2000     2000        4        0       5
                text10                              61F      61F      1DD      C3E       0
                text9                               3CA      3CA       7C      794       0
                text8                               446      446       BA      88C       0
                text7                               3BA      3BA       10      774       0
                text6                               392      392        5      724       0
                text5                               397      397        7      72E       0
                text4                               39E      39E        7      73C       0
                text3                               3A5      3A5        7      74A       0
                text2                               3AC      3AC        7      758       0
                text1                               3B3      3B3        7      766       0
                maintext                            500      500      11F      A00       0
                cstackBANK0                          20       20       2A       20       1
                cstackCOMMON                         70       70        E       70       1

TOTAL           Name                               Link     Load   Length     Space
        CLASS   CODE           
                end_init                              0        0        3         0
                cinit                               7FC      7FC        4         0
                text10                              61F      61F      1DD         0
                text9                               3CA      3CA       7C         0
                text8                               446      446       BA         0
                text7                               3BA      3BA       10         0
                text6                               392      392        5         0
                text5                               397      397        7         0
                text4                               39E      39E        7         0
                text3                               3A5      3A5        7         0
                text2                               3AC      3AC        7         0
                text1                               3B3      3B3        7         0
                maintext                            500      500      11F         0

        CLASS   STRCODE        

        CLASS   STRING         

        CLASS   CONST          

        CLASS   ENTRY          

        CLASS   COMMON         
                cstackCOMMON                         70       70        E         1

        CLASS   BANK0          
                cstackBANK0                          20       20       2A         1

        CLASS   BANK1          

        CLASS   BANK2          

        CLASS   BANK3          

        CLASS   RAM            

        CLASS   ABS1           
                abs_s1                               7E       7E        2         1

        CLASS   SFR0           

        CLASS   SFR1           

        CLASS   SFR2           

        CLASS   SFR3           

        CLASS   CONFIG         
                config                             2007     2007        2         4

        CLASS   IDLOC          
                idloc                              2000     2000        4         5

        CLASS   EEDATA         

        CLASS   STACK          



SEGMENTS        Name                           Load    Length   Top    Selector   Space  Class     Delta

                reset_vec                      000000  000003  000003         0       0  CODE        2
                cstackBANK0                    000020  00002A  00004A        20       1  BANK0       1
                cstackCOMMON                   000070  00000E  00007E        70       1  COMMON      1
                text6                          000392  000005  000397       724       0  CODE        2
                text5                          000397  000007  00039E       72E       0  CODE        2
                text4                          00039E  000007  0003A5       73C       0  CODE        2
                text3                          0003A5  000007  0003AC       74A       0  CODE        2
                text2                          0003AC  000007  0003B3       758       0  CODE        2
                text1                          0003B3  000007  0003BA       766       0  CODE        2
                text7                          0003BA  000010  0003CA       774       0  CODE        2
                text9                          0003CA  00007C  000446       794       0  CODE        2
                text8                          000446  0000BA  000500       88C       0  CODE        2
                maintext                       000500  00011F  00061F       A00       0  CODE        2
                text10                         00061F  0001DD  0007FC       C3E       0  CODE        2
                cinit                          0007FC  000004  000800       FF8       0  CODE        2


UNUSED ADDRESS RANGES

        Name                Unused          Largest block    Delta
        BANK0            004A-006F             26           1
        BANK1            00A0-00EF             50           1
        BANK2            0110-016F             60           1
        BANK3            0190-01EF             60           1
        CODE             0003-0391            38F           2
                         0800-1FFF            800
        CONST            0003-0391            100           2
                         0800-1FFF            100
        EEDATA           2100-21FF            100           2
        ENTRY            0003-0391            100           2
                         0800-1FFF            100
        RAM              004A-006F             26           1
                         00A0-00EF             50
                         0110-016F             60
                         0190-01EF             60
        SFR0             0000-001F             20           1
        SFR1             0080-009F             20           1
        SFR2             0100-010F             10           1
        SFR3             0180-018F             10           1
        STRCODE          0003-0391            38F           2
                         0800-1FFF           1800
        STRING           0003-0391            100           2
                         0800-1FFF            100

                                  Symbol Table

?___fldiv                   cstackBANK0  0020
?___fltol                   cstackBANK0  003A
?___xxtofl                  cstackCOMMON 0070
_ANSEL                      (abs)        0188
_PORTAbits                  (abs)        0005
_PORTBbits                  (abs)        0006
_PORTCbits                  (abs)        0007
_RA2                        (abs)        002A
_RA3                        (abs)        002B
_T1CON                      (abs)        0010
_TMR1H                      (abs)        000F
_TMR1L                      (abs)        000E
_TMR1ON                     (abs)        0080
_TRISA                      (abs)        0085
_TRISB                      (abs)        0086
_TRISC                      (abs)        0087
__Habs1                     abs1         0000
__Hbank0                    bank0        0000
__Hbank1                    bank1        0000
__Hbank2                    bank2        0000
__Hbank3                    bank3        0000
__Hcinit                    cinit        0800
__Hclrtext                  clrtext      0000
__Hcode                     code         0000
__Hcommon                   common       0000
__Hconfig                   config       2009
__HcstackBANK0              cstackBANK0  0000
__HcstackCOMMON             cstackCOMMON 0000
__Heeprom_data              eeprom_data  0000
__Hend_init                 end_init     0003
__Hfunctab                  functab      0000
__Hidloc                    idloc        2004
__Hinit                     init         0000
__Hintentry                 intentry     0000
__Hmaintext                 maintext     0000
__Hpowerup                  powerup      0000
__Hram                      ram          0000
__Hreset_vec                reset_vec    0000
__Hsfr0                     sfr0         0000
__Hsfr1                     sfr1         0000
__Hsfr2                     sfr2         0000
__Hsfr3                     sfr3         0000
__Hspace_0                  (abs)        0800
__Hspace_1                  (abs)        007E
__Hspace_2                  (abs)        0000
__Hspace_3                  (abs)        0000
__Hspace_4                  (abs)        4010
__Hstack                    stack        0000
__Hstrings                  strings      0000
__Htext                     text         0000
__Labs1                     abs1         0000
__Lbank0                    bank0        0000
__Lbank1                    bank1        0000
__Lbank2                    bank2        0000
__Lbank3                    bank3        0000
__Lcinit                    cinit        07FC
__Lclrtext                  clrtext      0000
__Lcode                     code         0000
__Lcommon                   common       0000
__Lconfig                   config       0000
__LcstackBANK0              cstackBANK0  0000
__LcstackCOMMON             cstackCOMMON 0000
__Leeprom_data              eeprom_data  0000
__Lend_init                 end_init     0000
__Lfunctab                  functab      0000
__Lidloc                    idloc        0000
__Linit                     init         0000
__Lintentry                 intentry     0000
__Lmaintext                 maintext     0000
__Lpowerup                  powerup      0000
__Lram                      ram          0000
__Lreset_vec                reset_vec    0000
__Lsfr0                     sfr0         0000
__Lsfr1                     sfr1         0000
__Lsfr2                     sfr2         0000
__Lsfr3                     sfr3         0000
__Lspace_0                  (abs)        0000
__Lspace_1                  (abs)        0000
__Lspace_2                  (abs)        0000
__Lspace_3                  (abs)        0000
__Lspace_4                  (abs)        0000
__Lstack                    stack        0000
__Lstrings                  strings      0000
__Ltext                     text         0000
__S0                        (abs)        0800
__S1                        (abs)        007E
__S3                        (abs)        0000
___fldiv                    text10       061F
___fldiv@a                  cstackBANK0  0020
___fldiv@aexp               cstackBANK0  0039
___fldiv@b                  cstackBANK0  0024
___fldiv@bexp               cstackBANK0  0038
___fldiv@grs                cstackBANK0  0034
___fldiv@new_exp            cstackBANK0  0032
___fldiv@rem                cstackBANK0  002D
___fldiv@sign               cstackBANK0  0031
___fltol                    text9        03CA
___fltol@exp1               cstackBANK0  0044
___fltol@f1                 cstackBANK0  003A
___fltol@sign1              cstackBANK0  0043
___int_sp                   stack        0000
___latbits                  (abs)        0002
___sp                       stack        0000
___stackhi                  (abs)        0000
___stacklo                  (abs)        0000
___xxtofl                   text8        0446
___xxtofl@arg               cstackCOMMON 007A
___xxtofl@exp               cstackCOMMON 0079
___xxtofl@sign              cstackCOMMON 0078
___xxtofl@val               cstackCOMMON 0070
__end_of___fldiv            text10       07FC
__end_of___fltol            text9        0446
__end_of___xxtofl           text8        0500
__end_of__initialization    cinit        07FC
__end_of_direccional        text7        03CA
__end_of_direccional_apagar text6        0397
__end_of_main               maintext     061F
__end_of_vehiculo_adelante  text5        039E
__end_of_vehiculo_atras     text4        03A5
__end_of_vehiculo_derecha   text3        03AC
__end_of_vehiculo_detener   text2        03B3
__end_of_vehiculo_izquierda text1        03BA
__initialization            cinit        07FC
__pcstackBANK0              cstackBANK0  0020
__pcstackCOMMON             cstackCOMMON 0070
__pmaintext                 maintext     0500
__ptext1                    text1        03B3
__ptext10                   text10       061F
__ptext2                    text2        03AC
__ptext3                    text3        03A5
__ptext4                    text4        039E
__ptext5                    text5        0397
__ptext6                    text6        0392
__ptext7                    text7        03BA
__ptext8                    text8        0446
__ptext9                    text9        03CA
_direccional                text7        03BA
_direccional_apagar         text6        0392
_main                       maintext     0500
_vehiculo_adelante          text5        0397
_vehiculo_atras             text4        039E
_vehiculo_derecha           text3        03A5
_vehiculo_detener           text2        03AC
_vehiculo_izquierda         text1        03B3
btemp                       (abs)        007E
direccional@op              cstackCOMMON 0070
end_of_initialization       cinit        07FC
intlevel0                   functab      0000
intlevel1                   functab      0000
intlevel2                   functab      0000
intlevel3                   functab      0000
intlevel4                   functab      0000
intlevel5                   functab      0000
main@a                      cstackBANK0  0048
reset_vec                   reset_vec    0000
start                       init         0000
start_initialization        cinit        07FC
wtemp0                      (abs)        007E


MODULE INFORMATION

Module		Function		Class		Link	Load	Size
C:\Program Files\Microchip\xc8\v2.36\pic\sources\c90\common\fltol.c
		___fltol       		CODE           	03CA	0000	124

C:\Program Files\Microchip\xc8\v2.36\pic\sources\c90\common\fltol.c estimated size: 124

C:\Program Files\Microchip\xc8\v2.36\pic\sources\c90\common\sprcdiv.c
		___fldiv       		CODE           	061F	0000	477

C:\Program Files\Microchip\xc8\v2.36\pic\sources\c90\common\sprcdiv.c estimated size: 477

shared
		__initialization		CODE           	07FC	0000	1

shared estimated size: 1

./prototipos.h
		_direccional   		CODE           	03BA	0000	16
		_vehiculo_derecha		CODE           	03A5	0000	7
		_vehiculo_detener		CODE           	03AC	0000	7
		_vehiculo_adelante		CODE           	0397	0000	7
		_vehiculo_atras		CODE           	039E	0000	7
		_direccional_apagar		CODE           	0392	0000	5
		_vehiculo_izquierda		CODE           	03B3	0000	7

./prototipos.h estimated size: 56

C:\Program Files\Microchip\xc8\v2.36\pic\sources\c90\common\xxtofl.c
		___xxtofl      		CODE           	0446	0000	186

C:\Program Files\Microchip\xc8\v2.36\pic\sources\c90\common\xxtofl.c estimated size: 186

main.c
		_main          		CODE           	0500	0000	287

main.c estimated size: 287

