Microchip MPLAB XC8 Compiler V2.36

Linker command line:

-W-3 --edf=C:\Program Files\Microchip\xc8\v2.36\pic\dat\en_msgs.txt -cn \
  -h+dist/default/production\Lider_Cv1.0.production.sym \
  --cmf=dist/default/production\Lider_Cv1.0.production.cmf -z -Q16F886 \
  -oC:\Users\EMARTI~1\AppData\Local\Temp\xcAshc0.4 --defsym=__MPLAB_BUILD=1 \
  -Mdist/default/production/Lider_Cv1.0.production.map \
  --md=C:\Users\EMARTI~1\AppData\Local\Temp\xcAshc0.dat -E1 \
  -ver=XC8 Compiler --acfsm=1493 -ACODE=00h-07FFhx4 -ASTRCODE=00h-01FFFh \
  -ASTRING=00h-0FFhx32 -ACONST=00h-0FFhx32 -AENTRY=00h-0FFhx32 \
  -ACOMMON=070h-07Fh -ABANK0=020h-06Fh -ABANK1=0A0h-0EFh \
  -ABANK2=0110h-016Fh -ABANK3=0190h-01EFh \
  -ARAM=020h-06Fh,0A0h-0EFh,0110h-016Fh,0190h-01EFh \
  -AABS1=020h-07Fh,0A0h-0EFh,0110h-016Fh,0190h-01EFh -ASFR0=00h-01Fh \
  -ASFR1=080h-09Fh -ASFR2=0100h-010Fh -ASFR3=0180h-018Fh \
  -ACONFIG=02007h-02008h -DCONFIG=2 -AIDLOC=02000h-02003h -DIDLOC=2 \
  -AEEDATA=00h-0FFh/02100h -peeprom_data=EEDATA -DEEDATA=2 -DCODE=2 \
  -DSTRCODE=2 -DSTRING=2 -DCONST=2 -DENTRY=2 \
  -preset_vec=00h,intentry,init,end_init -ppowerup=CODE -pcinit=CODE \
  -pfunctab=ENTRY -k C:\Users\EMARTI~1\AppData\Local\Temp\xcAshc0.o \
  dist/default/production\Lider_Cv1.0.production.o 

Object code version is 3.11

Machine type is 16F886



                Name                               Link     Load   Length Selector   Space Scale
C:\Users\EMARTI~1\AppData\Local\Temp\xcAshc0.o
                end_init                              0        0        3        0       0
                config                             2007     2007        2        0       4
                idloc                              2000     2000        4        0       5
dist/default/production\Lider_Cv1.0.production.o
                cinit                               7FC      7FC        4      FF8       0
                config                             2007     2007        2        0       4
                idloc                              2000     2000        4        0       5
                text7                               70A      70A       10      E14       0
                text6                               6E2      6E2        5      DC4       0
                text5                               6E7      6E7        7      DCE       0
                text4                               6EE      6EE        7      DDC       0
                text3                               6F5      6F5        7      DEA       0
                text2                               6FC      6FC        7      DF8       0
                text1                               703      703        7      E06       0
                maintext                            71A      71A       E2      E34       0
                cstackCOMMON                         70       70        D       70       1

TOTAL           Name                               Link     Load   Length     Space
        CLASS   CODE           
                end_init                              0        0        3         0
                cinit                               7FC      7FC        4         0
                text7                               70A      70A       10         0
                text6                               6E2      6E2        5         0
                text5                               6E7      6E7        7         0
                text4                               6EE      6EE        7         0
                text3                               6F5      6F5        7         0
                text2                               6FC      6FC        7         0
                text1                               703      703        7         0
                maintext                            71A      71A       E2         0

        CLASS   STRCODE        

        CLASS   STRING         

        CLASS   CONST          

        CLASS   ENTRY          

        CLASS   COMMON         
                cstackCOMMON                         70       70        D         1

        CLASS   BANK0          

        CLASS   BANK1          

        CLASS   BANK2          

        CLASS   BANK3          

        CLASS   RAM            

        CLASS   ABS1           
                abs_s1                               7E       7E        2         1

        CLASS   SFR0           

        CLASS   SFR1           

        CLASS   SFR2           

        CLASS   SFR3           

        CLASS   CONFIG         
                config                             2007     2007        2         4

        CLASS   IDLOC          
                idloc                              2000     2000        4         5

        CLASS   EEDATA         

        CLASS   STACK          



SEGMENTS        Name                           Load    Length   Top    Selector   Space  Class     Delta

                reset_vec                      000000  000003  000003         0       0  CODE        2
                cstackCOMMON                   000070  00000D  00007D        70       1  COMMON      1
                text6                          0006E2  000005  0006E7       DC4       0  CODE        2
                text5                          0006E7  000007  0006EE       DCE       0  CODE        2
                text4                          0006EE  000007  0006F5       DDC       0  CODE        2
                text3                          0006F5  000007  0006FC       DEA       0  CODE        2
                text2                          0006FC  000007  000703       DF8       0  CODE        2
                text1                          000703  000007  00070A       E06       0  CODE        2
                text7                          00070A  000010  00071A       E14       0  CODE        2
                maintext                       00071A  0000E2  0007FC       E34       0  CODE        2
                cinit                          0007FC  000004  000800       FF8       0  CODE        2


UNUSED ADDRESS RANGES

        Name                Unused          Largest block    Delta
        BANK0            0020-006F             50           1
        BANK1            00A0-00EF             50           1
        BANK2            0110-016F             60           1
        BANK3            0190-01EF             60           1
        CODE             0003-06E1            6DF           2
                         0800-1FFF            800
        COMMON           007D-007D              1           1
        CONST            0003-06E1            100           2
                         0800-1FFF            100
        EEDATA           2100-21FF            100           2
        ENTRY            0003-06E1            100           2
                         0800-1FFF            100
        RAM              0020-006F             50           1
                         00A0-00EF             50
                         0110-016F             60
                         0190-01EF             60
        SFR0             0000-001F             20           1
        SFR1             0080-009F             20           1
        SFR2             0100-010F             10           1
        SFR3             0180-018F             10           1
        STRCODE          0003-06E1            6DF           2
                         0800-1FFF           1800
        STRING           0003-06E1            100           2
                         0800-1FFF            100

                                  Symbol Table

_ANSEL                      (abs)        0188
_PORTAbits                  (abs)        0005
_PORTBbits                  (abs)        0006
_PORTCbits                  (abs)        0007
_TRISA                      (abs)        0085
_TRISB                      (abs)        0086
_TRISC                      (abs)        0087
__Habs1                     abs1         0000
__Hbank0                    bank0        0000
__Hbank1                    bank1        0000
__Hbank2                    bank2        0000
__Hbank3                    bank3        0000
__Hcinit                    cinit        0800
__Hclrtext                  clrtext      0000
__Hcode                     code         0000
__Hcommon                   common       0000
__Hconfig                   config       2009
__HcstackCOMMON             cstackCOMMON 0000
__Heeprom_data              eeprom_data  0000
__Hend_init                 end_init     0003
__Hfunctab                  functab      0000
__Hidloc                    idloc        2004
__Hinit                     init         0000
__Hintentry                 intentry     0000
__Hmaintext                 maintext     0000
__Hpowerup                  powerup      0000
__Hram                      ram          0000
__Hreset_vec                reset_vec    0000
__Hsfr0                     sfr0         0000
__Hsfr1                     sfr1         0000
__Hsfr2                     sfr2         0000
__Hsfr3                     sfr3         0000
__Hspace_0                  (abs)        0800
__Hspace_1                  (abs)        007D
__Hspace_2                  (abs)        0000
__Hspace_3                  (abs)        0000
__Hspace_4                  (abs)        4010
__Hstack                    stack        0000
__Hstrings                  strings      0000
__Htext                     text         0000
__Labs1                     abs1         0000
__Lbank0                    bank0        0000
__Lbank1                    bank1        0000
__Lbank2                    bank2        0000
__Lbank3                    bank3        0000
__Lcinit                    cinit        07FC
__Lclrtext                  clrtext      0000
__Lcode                     code         0000
__Lcommon                   common       0000
__Lconfig                   config       0000
__LcstackCOMMON             cstackCOMMON 0000
__Leeprom_data              eeprom_data  0000
__Lend_init                 end_init     0000
__Lfunctab                  functab      0000
__Lidloc                    idloc        0000
__Linit                     init         0000
__Lintentry                 intentry     0000
__Lmaintext                 maintext     0000
__Lpowerup                  powerup      0000
__Lram                      ram          0000
__Lreset_vec                reset_vec    0000
__Lsfr0                     sfr0         0000
__Lsfr1                     sfr1         0000
__Lsfr2                     sfr2         0000
__Lsfr3                     sfr3         0000
__Lspace_0                  (abs)        0000
__Lspace_1                  (abs)        0000
__Lspace_2                  (abs)        0000
__Lspace_3                  (abs)        0000
__Lspace_4                  (abs)        0000
__Lstack                    stack        0000
__Lstrings                  strings      0000
__Ltext                     text         0000
__S0                        (abs)        0800
__S1                        (abs)        007D
__S3                        (abs)        0000
___int_sp                   stack        0000
___latbits                  (abs)        0002
___sp                       stack        0000
___stackhi                  (abs)        0000
___stacklo                  (abs)        0000
__end_of__initialization    cinit        07FC
__end_of_direccional        text7        071A
__end_of_direccional_apagar text6        06E7
__end_of_main               maintext     07FC
__end_of_vehiculo_adelante  text5        06EE
__end_of_vehiculo_atras     text4        06F5
__end_of_vehiculo_derecha   text3        06FC
__end_of_vehiculo_detener   text2        0703
__end_of_vehiculo_izquierda text1        070A
__initialization            cinit        07FC
__pcstackCOMMON             cstackCOMMON 0070
__pmaintext                 maintext     071A
__ptext1                    text1        0703
__ptext2                    text2        06FC
__ptext3                    text3        06F5
__ptext4                    text4        06EE
__ptext5                    text5        06E7
__ptext6                    text6        06E2
__ptext7                    text7        070A
_direccional                text7        070A
_direccional_apagar         text6        06E2
_main                       maintext     071A
_vehiculo_adelante          text5        06E7
_vehiculo_atras             text4        06EE
_vehiculo_derecha           text3        06F5
_vehiculo_detener           text2        06FC
_vehiculo_izquierda         text1        0703
btemp                       (abs)        007E
direccional@op              cstackCOMMON 0070
end_of_initialization       cinit        07FC
intlevel0                   functab      0000
intlevel1                   functab      0000
intlevel2                   functab      0000
intlevel3                   functab      0000
intlevel4                   functab      0000
intlevel5                   functab      0000
main@E1                     cstackCOMMON 007B
main@E1_old                 cstackCOMMON 0075
main@E2                     cstackCOMMON 007C
main@E2_old                 cstackCOMMON 0076
main@Encoder1               cstackCOMMON 0079
main@Encoder2               cstackCOMMON 0077
reset_vec                   reset_vec    0000
start                       init         0000
start_initialization        cinit        07FC
wtemp0                      (abs)        007E


MODULE INFORMATION

Module		Function		Class		Link	Load	Size
shared
		__initialization		CODE           	07FC	0000	1

shared estimated size: 1

./prototipos.h
		_direccional   		CODE           	070A	0000	16
		_vehiculo_derecha		CODE           	06F5	0000	7
		_vehiculo_detener		CODE           	06FC	0000	7
		_vehiculo_adelante		CODE           	06E7	0000	7
		_vehiculo_atras		CODE           	06EE	0000	7
		_direccional_apagar		CODE           	06E2	0000	5
		_vehiculo_izquierda		CODE           	0703	0000	7

./prototipos.h estimated size: 56

main.c
		_main          		CODE           	071A	0000	226

main.c estimated size: 226

